Sections:
00: "org0001:10000" (10000-10022)


Source: "hello.s"
                            	     1: ;;;
                            	     2: ;;; Sample PGX Program
                            	     3: ;;;
                            	     4: 
                            	     5:                 org $010000
                            	     6: 
                            	     7: 				; dc.b "z"
                            	     8: 
                            	     9: 				; dc.l (greet_end-start+1)
                            	    10: 				; dc.l start
                            	    11: 
                            	    12: 				; align 2
                            	    13: 
00:00010000 7013            	    14: start:          move.l #$13,d0                      ; sys_chan_write
00:00010002 7200            	    15:                 clr.l d1                            ; Channel #0
00:00010004 243C00010014    	    16:                 move.l #greet,d2                    ; Pointer to message
00:0001000A 760E            	    17:                 move.l #greet_end-greet+1,d3        ; Length of message
00:0001000C 4E4F            	    18:                 trap #15
                            	    19: 
00:0001000E 7000            	    20: done:           clr.l d0                            ; sys_exit
00:00010010 7200            	    21:                 clr.l d1                            ; Return value = 0
00:00010012 4E4F            	    22:                 trap #15
                            	    23: 
00:00010014 48656C6C6F2C2077	    24: greet:          dc.b "Hello, world!"
00:0001001C 6F726C6421
00:00010021 00              	    25: greet_end:      dc.b 0
                            	    26: 
                            	    27: 				; dc.l 0, 0
                            	    28: 


Symbols by name:
done                             A:0001000E
greet                            A:00010014
greet_end                        A:00010021
start                            A:00010000

Symbols by value:
00010000 start
0001000E done
00010014 greet
00010021 greet_end
